2025-05-15 09:14:38,309 - INFO - <module> - ==================================================
2025-05-15 09:14:38,310 - INFO - <module> - 🚀 Starting Facebook Marketplace Posting Automation Script
2025-05-15 09:14:38,311 - INFO - <module> - 🕒 Run started at: 2025-05-15 09:14:38
2025-05-15 09:14:38,311 - INFO - <module> - ==================================================
2025-05-15 09:14:40,411 - INFO - get_marketplace_items - Found 38 items to post based on general query.
2025-05-15 09:14:40,414 - INFO - run_bot - Processing account: 0567221396 (1/2)
2025-05-15 09:14:46,302 - INFO - patch_exe - patching driver executable C:\Users\ngoch\appdata\roaming\undetected_chromedriver\undetected_chromedriver.exe
2025-05-15 09:14:48,098 - INFO - login_facebook - 🔐 Logging in as 0567221396
2025-05-15 09:14:55,259 - INFO - load_browser_data - Browser data loaded from browser_data\browser_data_0567221396.json
2025-05-15 09:15:09,224 - INFO - login_facebook - Logged in using saved browser data.
2025-05-15 09:15:09,252 - INFO - login_facebook - ✅ Successfully logged in as 0567221396
2025-05-15 09:15:09,255 - INFO - run_bot - Account 0567221396 will attempt to post up to 3 items. Trying 3 items now.
2025-05-15 09:17:11,913 - INFO - run_bot - Successfully posted item: 124977187 with account 0567221396
2025-05-15 09:17:13,781 - INFO - run_bot - Item 124977187 removed from the main list for this bot session.
2025-05-15 09:19:47,207 - INFO - run_bot - Successfully posted item: 124980129 with account 0567221396
2025-05-15 09:19:48,828 - INFO - run_bot - Item 124980129 removed from the main list for this bot session.
2025-05-15 09:21:59,459 - INFO - run_bot - Successfully posted item: 124977811 with account 0567221396
2025-05-15 09:22:00,973 - INFO - run_bot - Item 124977811 removed from the main list for this bot session.
2025-05-15 09:22:07,228 - INFO - run_bot - Logging out and closing browser for 0567221396. Posted 3 items this session.
2025-05-15 09:22:07,759 - INFO - run_bot - Waiting for 144.35 seconds before switching to the next account...
2025-05-15 09:24:32,107 - INFO - run_bot - Processing account: ngomonone123@gmail.com (2/2)
2025-05-15 09:24:37,509 - INFO - patch_exe - patching driver executable C:\Users\ngoch\appdata\roaming\undetected_chromedriver\undetected_chromedriver.exe
2025-05-15 09:24:38,803 - INFO - login_facebook - 🔐 Logging in as ngomonone123@gmail.com
2025-05-15 09:24:45,575 - INFO - load_browser_data - Browser data loaded from browser_data\browser_data_ngomonone123@gmail.com.json
2025-05-15 09:25:03,197 - INFO - login_facebook - Logged in using saved browser data.
2025-05-15 09:25:03,229 - INFO - login_facebook - ✅ Successfully logged in as ngomonone123@gmail.com
2025-05-15 09:25:03,232 - INFO - run_bot - Account ngomonone123@gmail.com will attempt to post up to 3 items. Trying 3 items now.
2025-05-15 09:28:32,403 - INFO - run_bot - Successfully posted item: 124979980 with account ngomonone123@gmail.com
2025-05-15 09:28:33,917 - INFO - run_bot - Item 124979980 removed from the main list for this bot session.
2025-05-15 09:31:04,299 - INFO - run_bot - Successfully posted item: 124945019 with account ngomonone123@gmail.com
2025-05-15 09:31:06,079 - INFO - run_bot - Item 124945019 removed from the main list for this bot session.
2025-05-15 09:31:11,226 - INFO - run_bot - Logging out and closing browser for ngomonone123@gmail.com. Posted 2 items this session.
2025-05-15 09:31:11,814 - INFO - run_bot - Last account processed.
2025-05-15 09:31:11,816 - INFO - run_bot - ==================================================
2025-05-15 09:31:11,816 - INFO - run_bot - 🛍️ Total Marketplace Items Successfully Posted: 5
2025-05-15 09:31:11,818 - INFO - run_bot - ❌ Total Marketplace Items Failed: 1
2025-05-15 09:31:11,818 - INFO - run_bot - ==================================================
2025-05-15 09:48:26,259 - INFO - <module> - ==================================================
2025-05-15 09:48:26,260 - INFO - <module> - 🚀 Starting Facebook Marketplace Posting Automation Script
2025-05-15 09:48:26,262 - INFO - <module> - 🕒 Run started at: 2025-05-15 09:48:26
2025-05-15 09:48:26,262 - INFO - <module> - ==================================================
2025-05-15 09:48:27,851 - INFO - get_marketplace_items - Found 33 items to post based on general query.
2025-05-15 09:48:27,856 - INFO - run_bot - Processing account: ngomonone123@gmail.com (1/2)
2025-05-15 09:48:31,693 - INFO - patch_exe - patching driver executable C:\Users\ngoch\appdata\roaming\undetected_chromedriver\undetected_chromedriver.exe
2025-05-15 09:48:33,264 - INFO - login_facebook - 🔐 Logging in as ngomonone123@gmail.com
2025-05-15 09:48:40,074 - INFO - load_browser_data - Browser data loaded from browser_data\browser_data_ngomonone123@gmail.com.json
2025-05-15 09:48:55,995 - INFO - login_facebook - Logged in using saved browser data.
2025-05-15 09:48:56,445 - INFO - login_facebook - ✅ Successfully logged in as ngomonone123@gmail.com
2025-05-15 09:48:56,446 - INFO - run_bot - Account ngomonone123@gmail.com will attempt to post up to 3 items. Trying 3 items now.
2025-05-15 09:52:40,690 - INFO - run_bot - Successfully posted item: 124975813 with account ngomonone123@gmail.com
2025-05-15 09:52:41,918 - INFO - run_bot - Item 124975813 removed from the main list for this bot session.
2025-05-15 09:54:46,927 - INFO - run_bot - Successfully posted item: 124975183 with account ngomonone123@gmail.com
2025-05-15 09:54:48,230 - INFO - run_bot - Item 124975183 removed from the main list for this bot session.
2025-05-15 09:54:55,700 - INFO - run_bot - Logging out and closing browser for ngomonone123@gmail.com. Posted 2 items this session.
2025-05-15 09:54:56,103 - INFO - run_bot - Waiting for 135.77 seconds before switching to the next account...
2025-05-15 09:57:11,873 - INFO - run_bot - Processing account: 0567221396 (2/2)
2025-05-15 09:57:17,103 - INFO - patch_exe - patching driver executable C:\Users\ngoch\appdata\roaming\undetected_chromedriver\undetected_chromedriver.exe
2025-05-15 09:57:18,361 - INFO - login_facebook - 🔐 Logging in as 0567221396
2025-05-15 09:57:23,958 - INFO - load_browser_data - Browser data loaded from browser_data\browser_data_0567221396.json
2025-05-15 09:57:38,759 - INFO - login_facebook - Logged in using saved browser data.
2025-05-15 09:57:38,781 - INFO - login_facebook - ✅ Successfully logged in as 0567221396
2025-05-15 09:57:38,782 - INFO - run_bot - Account 0567221396 will attempt to post up to 3 items. Trying 3 items now.
2025-05-15 10:00:57,679 - INFO - run_bot - Successfully posted item: 124975725 with account 0567221396
2025-05-15 10:00:59,593 - INFO - run_bot - Item 124975725 removed from the main list for this bot session.
2025-05-15 10:03:37,464 - INFO - run_bot - Successfully posted item: 124977049 with account 0567221396
2025-05-15 10:03:38,864 - INFO - run_bot - Item 124977049 removed from the main list for this bot session.
2025-05-15 10:03:46,391 - INFO - run_bot - Logging out and closing browser for 0567221396. Posted 2 items this session.
2025-05-15 10:03:46,898 - INFO - run_bot - Last account processed.
2025-05-15 10:03:46,898 - INFO - run_bot - ==================================================
2025-05-15 10:03:46,899 - INFO - run_bot - 🛍️ Total Marketplace Items Successfully Posted: 4
2025-05-15 10:03:46,900 - INFO - run_bot - ❌ Total Marketplace Items Failed: 2
2025-05-15 10:03:46,900 - INFO - run_bot - ==================================================
